Archive member included because of file (symbol)

C:\Users\Jacques\Documents\LPCXpresso_7.0.2_102\workspace\CMSIS_CORE_LPC8xx\Release\libCMSIS_CORE_LPC8xx.a(system_LPC8xx.o)
                              ./src/cr_startup_lpc8xx.o (SystemInit)
c:/nxp/lpcxpresso_7.0.2_102/lpcxpresso/tools/bin/../lib/gcc/arm-none-eabi/4.8.3/../../../../arm-none-eabi/lib/armv6-m\libcr_c.a(__weak__main.o)
                              ./src/cr_startup_lpc8xx.o (__main)
c:/nxp/lpcxpresso_7.0.2_102/lpcxpresso/tools/bin/../lib/gcc/arm-none-eabi/4.8.3/../../../../arm-none-eabi/lib/armv6-m\libcr_c.a(stdlib.o)
                              ./src/game.o (rand)
c:/nxp/lpcxpresso_7.0.2_102/lpcxpresso/tools/bin/../lib/gcc/arm-none-eabi/4.8.3/../../../../arm-none-eabi/lib/armv6-m\libcr_c.a(initio.o)
                              c:/nxp/lpcxpresso_7.0.2_102/lpcxpresso/tools/bin/../lib/gcc/arm-none-eabi/4.8.3/../../../../arm-none-eabi/lib/armv6-m\libcr_c.a(stdlib.o) (_terminateio)
c:/nxp/lpcxpresso_7.0.2_102/lpcxpresso/tools/bin/../lib/gcc/arm-none-eabi/4.8.3/../../../../arm-none-eabi/lib/armv6-m\libcr_c.a(raise.o)
                              c:/nxp/lpcxpresso_7.0.2_102/lpcxpresso/tools/bin/../lib/gcc/arm-none-eabi/4.8.3/../../../../arm-none-eabi/lib/armv6-m\libcr_c.a(stdlib.o) (raise)
c:/nxp/lpcxpresso_7.0.2_102/lpcxpresso/tools/bin/../lib/gcc/arm-none-eabi/4.8.3/../../../../arm-none-eabi/lib/armv6-m\libcr_c.a(setvbuf.o)
                              c:/nxp/lpcxpresso_7.0.2_102/lpcxpresso/tools/bin/../lib/gcc/arm-none-eabi/4.8.3/../../../../arm-none-eabi/lib/armv6-m\libcr_c.a(initio.o) (setvbuf)
c:/nxp/lpcxpresso_7.0.2_102/lpcxpresso/tools/bin/../lib/gcc/arm-none-eabi/4.8.3/../../../../arm-none-eabi/lib/armv6-m\libcr_c.a(stdio.o)
                              c:/nxp/lpcxpresso_7.0.2_102/lpcxpresso/tools/bin/../lib/gcc/arm-none-eabi/4.8.3/../../../../arm-none-eabi/lib/armv6-m\libcr_c.a(initio.o) (__Ciob)
c:/nxp/lpcxpresso_7.0.2_102/lpcxpresso/tools/bin/../lib/gcc/arm-none-eabi/4.8.3/../../../../arm-none-eabi/lib/armv6-m\libcr_c.a(memset.o)
                              c:/nxp/lpcxpresso_7.0.2_102/lpcxpresso/tools/bin/../lib/gcc/arm-none-eabi/4.8.3/../../../../arm-none-eabi/lib/armv6-m\libcr_c.a(initio.o) (memset)
c:/nxp/lpcxpresso_7.0.2_102/lpcxpresso/tools/bin/../lib/gcc/arm-none-eabi/4.8.3/../../../../arm-none-eabi/lib/armv6-m\libcr_c.a(__fillbuf.o)
                              c:/nxp/lpcxpresso_7.0.2_102/lpcxpresso/tools/bin/../lib/gcc/arm-none-eabi/4.8.3/../../../../arm-none-eabi/lib/armv6-m\libcr_c.a(stdio.o) (__filbuf)
c:/nxp/lpcxpresso_7.0.2_102/lpcxpresso/tools/bin/../lib/gcc/arm-none-eabi/4.8.3/../../../../arm-none-eabi/lib/armv6-m\libcr_c.a(_deferredlazyseek.o)
                              c:/nxp/lpcxpresso_7.0.2_102/lpcxpresso/tools/bin/../lib/gcc/arm-none-eabi/4.8.3/../../../../arm-none-eabi/lib/armv6-m\libcr_c.a(__fillbuf.o) (_deferredlazyseek)
c:/nxp/lpcxpresso_7.0.2_102/lpcxpresso/tools/bin/../lib/gcc/arm-none-eabi/4.8.3/../../../../arm-none-eabi/lib/armv6-m\libcr_c.a(_fdopen.o)
                              c:/nxp/lpcxpresso_7.0.2_102/lpcxpresso/tools/bin/../lib/gcc/arm-none-eabi/4.8.3/../../../../arm-none-eabi/lib/armv6-m\libcr_c.a(initio.o) (_fdopen)
c:/nxp/lpcxpresso_7.0.2_102/lpcxpresso/tools/bin/../lib/gcc/arm-none-eabi/4.8.3/../../../../arm-none-eabi/lib/armv6-m\libcr_c.a(_fflush.o)
                              c:/nxp/lpcxpresso_7.0.2_102/lpcxpresso/tools/bin/../lib/gcc/arm-none-eabi/4.8.3/../../../../arm-none-eabi/lib/armv6-m\libcr_c.a(__fillbuf.o) (_fflush)
c:/nxp/lpcxpresso_7.0.2_102/lpcxpresso/tools/bin/../lib/gcc/arm-none-eabi/4.8.3/../../../../arm-none-eabi/lib/armv6-m\libcr_c.a(_writebuf.o)
                              c:/nxp/lpcxpresso_7.0.2_102/lpcxpresso/tools/bin/../lib/gcc/arm-none-eabi/4.8.3/../../../../arm-none-eabi/lib/armv6-m\libcr_c.a(_deferredlazyseek.o) (_Cwritebuf)
c:/nxp/lpcxpresso_7.0.2_102/lpcxpresso/tools/bin/../lib/gcc/arm-none-eabi/4.8.3/../../../../arm-none-eabi/lib/armv6-m\libcr_c.a(alloc.o)
                              c:/nxp/lpcxpresso_7.0.2_102/lpcxpresso/tools/bin/../lib/gcc/arm-none-eabi/4.8.3/../../../../arm-none-eabi/lib/armv6-m\libcr_c.a(initio.o) (_Csys_alloc)
c:/nxp/lpcxpresso_7.0.2_102/lpcxpresso/tools/bin/../lib/gcc/arm-none-eabi/4.8.3/../../../../arm-none-eabi/lib/armv6-m\libcr_c.a(fclose.o)
                              c:/nxp/lpcxpresso_7.0.2_102/lpcxpresso/tools/bin/../lib/gcc/arm-none-eabi/4.8.3/../../../../arm-none-eabi/lib/armv6-m\libcr_c.a(initio.o) (fclose)
c:/nxp/lpcxpresso_7.0.2_102/lpcxpresso/tools/bin/../lib/gcc/arm-none-eabi/4.8.3/../../../../arm-none-eabi/lib/armv6-m\libcr_c.a(fflush.o)
                              c:/nxp/lpcxpresso_7.0.2_102/lpcxpresso/tools/bin/../lib/gcc/arm-none-eabi/4.8.3/../../../../arm-none-eabi/lib/armv6-m\libcr_c.a(fclose.o) (fflush)
c:/nxp/lpcxpresso_7.0.2_102/lpcxpresso/tools/bin/../lib/gcc/arm-none-eabi/4.8.3/../../../../arm-none-eabi/lib/armv6-m\libcr_c.a(fseek.o)
                              c:/nxp/lpcxpresso_7.0.2_102/lpcxpresso/tools/bin/../lib/gcc/arm-none-eabi/4.8.3/../../../../arm-none-eabi/lib/armv6-m\libcr_c.a(_deferredlazyseek.o) (fseek)
c:/nxp/lpcxpresso_7.0.2_102/lpcxpresso/tools/bin/../lib/gcc/arm-none-eabi/4.8.3/../../../../arm-none-eabi/lib/armv6-m\libcr_c.a(ftell.o)
                              c:/nxp/lpcxpresso_7.0.2_102/lpcxpresso/tools/bin/../lib/gcc/arm-none-eabi/4.8.3/../../../../arm-none-eabi/lib/armv6-m\libcr_c.a(fseek.o) (ftell)
c:/nxp/lpcxpresso_7.0.2_102/lpcxpresso/tools/bin/../lib/gcc/arm-none-eabi/4.8.3/../../../../arm-none-eabi/lib/armv6-m\libcr_c.a(remove.o)
                              c:/nxp/lpcxpresso_7.0.2_102/lpcxpresso/tools/bin/../lib/gcc/arm-none-eabi/4.8.3/../../../../arm-none-eabi/lib/armv6-m\libcr_c.a(fclose.o) (remove)
c:/nxp/lpcxpresso_7.0.2_102/lpcxpresso/tools/bin/../lib/gcc/arm-none-eabi/4.8.3/../../../../arm-none-eabi/lib/armv6-m\libcr_c.a(strlen.o)
                              c:/nxp/lpcxpresso_7.0.2_102/lpcxpresso/tools/bin/../lib/gcc/arm-none-eabi/4.8.3/../../../../arm-none-eabi/lib/armv6-m\libcr_c.a(remove.o) (strlen)
c:/nxp/lpcxpresso_7.0.2_102/lpcxpresso/tools/bin/../lib/gcc/arm-none-eabi/4.8.3/../../../../arm-none-eabi/lib/armv6-m\libcr_c.a(memcpy.o)
                              c:/nxp/lpcxpresso_7.0.2_102/lpcxpresso/tools/bin/../lib/gcc/arm-none-eabi/4.8.3/../../../../arm-none-eabi/lib/armv6-m\libcr_c.a(alloc.o) (memcpy)
c:/nxp/lpcxpresso_7.0.2_102/lpcxpresso/tools/bin/../lib/gcc/arm-none-eabi/4.8.3/../../../../arm-none-eabi/lib/armv6-m\libcr_c.a(__init_alloc.o)
                              c:/nxp/lpcxpresso_7.0.2_102/lpcxpresso/tools/bin/../lib/gcc/arm-none-eabi/4.8.3/../../../../arm-none-eabi/lib/armv6-m\libcr_c.a(alloc.o) (__heaps)
c:/nxp/lpcxpresso_7.0.2_102/lpcxpresso/tools/bin/../lib/gcc/arm-none-eabi/4.8.3/../../../../arm-none-eabi/lib/armv6-m\libcr_c.a(_cr_sbrk.o)
                              c:/nxp/lpcxpresso_7.0.2_102/lpcxpresso/tools/bin/../lib/gcc/arm-none-eabi/4.8.3/../../../../arm-none-eabi/lib/armv6-m\libcr_c.a(alloc.o) (_sbrk)
c:/nxp/lpcxpresso_7.0.2_102/lpcxpresso/tools/bin/../lib/gcc/arm-none-eabi/4.8.3/../../../../arm-none-eabi/lib/armv6-m\libcr_c.a(_do_fflush.o)
                              c:/nxp/lpcxpresso_7.0.2_102/lpcxpresso/tools/bin/../lib/gcc/arm-none-eabi/4.8.3/../../../../arm-none-eabi/lib/armv6-m\libcr_c.a(fflush.o) (_do_fflush)
c:/nxp/lpcxpresso_7.0.2_102/lpcxpresso/tools/bin/../lib/gcc/arm-none-eabi/4.8.3/../../../../arm-none-eabi/lib/armv6-m\libcr_c.a(errno.o)
                              c:/nxp/lpcxpresso_7.0.2_102/lpcxpresso/tools/bin/../lib/gcc/arm-none-eabi/4.8.3/../../../../arm-none-eabi/lib/armv6-m\libcr_c.a(ftell.o) (errno)
c:/nxp/lpcxpresso_7.0.2_102/lpcxpresso/tools/bin/../lib/gcc/arm-none-eabi/4.8.3/../../../../arm-none-eabi/lib/armv6-m\libcr_c.a(_cr_check_heap.o)
                              c:/nxp/lpcxpresso_7.0.2_102/lpcxpresso/tools/bin/../lib/gcc/arm-none-eabi/4.8.3/../../../../arm-none-eabi/lib/armv6-m\libcr_c.a(_cr_sbrk.o) (__check_heap_overflow)
c:/nxp/lpcxpresso_7.0.2_102/lpcxpresso/tools/bin/../lib/gcc/arm-none-eabi/4.8.3/armv6-m\libcr_eabihelpers.a(division_32.o)
                              ./src/display.o (__aeabi_idiv)
c:/nxp/lpcxpresso_7.0.2_102/lpcxpresso/tools/bin/../lib/gcc/arm-none-eabi/4.8.3/armv6-m\libcr_eabihelpers.a(division_idiv0.o)
                              c:/nxp/lpcxpresso_7.0.2_102/lpcxpresso/tools/bin/../lib/gcc/arm-none-eabi/4.8.3/armv6-m\libcr_eabihelpers.a(division_32.o) (__aeabi_idiv0)
c:/nxp/lpcxpresso_7.0.2_102/lpcxpresso/tools/bin/../lib/gcc/arm-none-eabi/4.8.3/armv6-m\libcr_eabihelpers.a(memcpy.o)
                              c:/nxp/lpcxpresso_7.0.2_102/lpcxpresso/tools/bin/../lib/gcc/arm-none-eabi/4.8.3/../../../../arm-none-eabi/lib/armv6-m\libcr_c.a(memcpy.o) (__aeabi_memcpy)

Allocating common symbols
Common symbol       size              file

_extra              0x4               c:/nxp/lpcxpresso_7.0.2_102/lpcxpresso/tools/bin/../lib/gcc/arm-none-eabi/4.8.3/../../../../arm-none-eabi/lib/armv6-m\libcr_c.a(initio.o)
running             0x1               ./src/game.o
server              0x1               ./src/game.o
score               0x2               ./src/game.o
_exitvector         0x84              c:/nxp/lpcxpresso_7.0.2_102/lpcxpresso/tools/bin/../lib/gcc/arm-none-eabi/4.8.3/../../../../arm-none-eabi/lib/armv6-m\libcr_c.a(stdlib.o)
paddle              0x2               ./src/game.o
video_buffer        0x1c0             ./src/tvout.o
_number_of_exit_functions
                    0x4               c:/nxp/lpcxpresso_7.0.2_102/lpcxpresso/tools/bin/../lib/gcc/arm-none-eabi/4.8.3/../../../../arm-none-eabi/lib/armv6-m\libcr_c.a(stdlib.o)
ball                0x14              ./src/game.o
__heaps             0x4               c:/nxp/lpcxpresso_7.0.2_102/lpcxpresso/tools/bin/../lib/gcc/arm-none-eabi/4.8.3/../../../../arm-none-eabi/lib/armv6-m\libcr_c.a(__init_alloc.o)
__end_of_heap       0x4               c:/nxp/lpcxpresso_7.0.2_102/lpcxpresso/tools/bin/../lib/gcc/arm-none-eabi/4.8.3/../../../../arm-none-eabi/lib/armv6-m\libcr_c.a(__init_alloc.o)
__Ciob              0x140             c:/nxp/lpcxpresso_7.0.2_102/lpcxpresso/tools/bin/../lib/gcc/arm-none-eabi/4.8.3/../../../../arm-none-eabi/lib/armv6-m\libcr_c.a(stdio.o)

Discarded input sections

 .text          0x00000000        0x0 ./src/cr_startup_lpc8xx.o
 .data          0x00000000        0x0 ./src/cr_startup_lpc8xx.o
 .bss           0x00000000        0x0 ./src/cr_startup_lpc8xx.o
 .text          0x00000000        0x0 ./src/crp.o
 .data          0x00000000        0x0 ./src/crp.o
 .bss           0x00000000        0x0 ./src/crp.o
 .crp           0x00000000        0x4 ./src/crp.o
 .debug_info    0x00000000       0x3b ./src/crp.o
 .debug_abbrev  0x00000000       0x33 ./src/crp.o
 .debug_aranges
                0x00000000       0x18 ./src/crp.o
 .debug_line    0x00000000       0x2d ./src/crp.o
 .debug_str     0x00000000      0x116 ./src/crp.o
 .comment       0x00000000       0x71 ./src/crp.o
 .ARM.attributes
                0x00000000       0x31 ./src/crp.o
 .text          0x00000000        0x0 ./src/display.o
 .data          0x00000000        0x0 ./src/display.o
 .bss           0x00000000        0x0 ./src/display.o
 .text          0x00000000        0x0 ./src/game.o
 .data          0x00000000        0x0 ./src/game.o
 .bss           0x00000000        0x0 ./src/game.o
 .text.sound_rebound
                0x00000000        0xc ./src/game.o
 .text          0x00000000        0x0 ./src/hardware.o
 .data          0x00000000        0x0 ./src/hardware.o
 .bss           0x00000000        0x0 ./src/hardware.o
 .text.assign_pins
                0x00000000       0x44 ./src/hardware.o
 .text.SPI0_init
                0x00000000       0x1c ./src/hardware.o
 .text.delay_ms
                0x00000000       0x2c ./src/hardware.o
 .text.delay_us
                0x00000000       0x28 ./src/hardware.o
 .text          0x00000000        0x0 ./src/mtb.o
 .data          0x00000000        0x0 ./src/mtb.o
 .bss           0x00000000        0x0 ./src/mtb.o
 .debug_line    0x00000000        0x0 ./src/mtb.o
 .debug_str     0x00000000        0x0 ./src/mtb.o
 .comment       0x00000000       0x71 ./src/mtb.o
 .ARM.attributes
                0x00000000       0x31 ./src/mtb.o
 .text          0x00000000        0x0 ./src/pong.o
 .data          0x00000000        0x0 ./src/pong.o
 .bss           0x00000000        0x0 ./src/pong.o
 .text          0x00000000        0x0 ./src/tvout.o
 .data          0x00000000        0x0 ./src/tvout.o
 .bss           0x00000000        0x0 ./src/tvout.o
 .text          0x00000000        0x0 C:\Users\Jacques\Documents\LPCXpresso_7.0.2_102\workspace\CMSIS_CORE_LPC8xx\Release\libCMSIS_CORE_LPC8xx.a(system_LPC8xx.o)
 .data          0x00000000        0x0 C:\Users\Jacques\Documents\LPCXpresso_7.0.2_102\workspace\CMSIS_CORE_LPC8xx\Release\libCMSIS_CORE_LPC8xx.a(system_LPC8xx.o)
 .bss           0x00000000        0x0 C:\Users\Jacques\Documents\LPCXpresso_7.0.2_102\workspace\CMSIS_CORE_LPC8xx\Release\libCMSIS_CORE_LPC8xx.a(system_LPC8xx.o)
 .text.SystemCoreClockUpdate
                0x00000000       0x84 C:\Users\Jacques\Documents\LPCXpresso_7.0.2_102\workspace\CMSIS_CORE_LPC8xx\Release\libCMSIS_CORE_LPC8xx.a(system_LPC8xx.o)
 .rodata.CSWTCH.6
                0x00000000       0x3c C:\Users\Jacques\Documents\LPCXpresso_7.0.2_102\workspace\CMSIS_CORE_LPC8xx\Release\libCMSIS_CORE_LPC8xx.a(system_LPC8xx.o)
 .data.SystemCoreClock
                0x00000000        0x4 C:\Users\Jacques\Documents\LPCXpresso_7.0.2_102\workspace\CMSIS_CORE_LPC8xx\Release\libCMSIS_CORE_LPC8xx.a(system_LPC8xx.o)
 .text          0x00000000        0x0 c:/nxp/lpcxpresso_7.0.2_102/lpcxpresso/tools/bin/../lib/gcc/arm-none-eabi/4.8.3/../../../../arm-none-eabi/lib/armv6-m\libcr_c.a(__weak__main.o)
 .data          0x00000000        0x0 c:/nxp/lpcxpresso_7.0.2_102/lpcxpresso/tools/bin/../lib/gcc/arm-none-eabi/4.8.3/../../../../arm-none-eabi/lib/armv6-m\libcr_c.a(__weak__main.o)
 .bss           0x00000000        0x0 c:/nxp/lpcxpresso_7.0.2_102/lpcxpresso/tools/bin/../lib/gcc/arm-none-eabi/4.8.3/../../../../arm-none-eabi/lib/armv6-m\libcr_c.a(__weak__main.o)
 .text          0x00000000        0x0 c:/nxp/lpcxpresso_7.0.2_102/lpcxpresso/tools/bin/../lib/gcc/arm-none-eabi/4.8.3/../../../../arm-none-eabi/lib/armv6-m\libcr_c.a(stdlib.o)
 .data          0x00000000        0x0 c:/nxp/lpcxpresso_7.0.2_102/lpcxpresso/tools/bin/../lib/gcc/arm-none-eabi/4.8.3/../../../../arm-none-eabi/lib/armv6-m\libcr_c.a(stdlib.o)
 .bss           0x00000000        0x0 c:/nxp/lpcxpresso_7.0.2_102/lpcxpresso/tools/bin/../lib/gcc/arm-none-eabi/4.8.3/../../../../arm-none-eabi/lib/armv6-m\libcr_c.a(stdlib.o)
 .text.__rand   0x00000000       0x20 c:/nxp/lpcxpresso_7.0.2_102/lpcxpresso/tools/bin/../lib/gcc/arm-none-eabi/4.8.3/../../../../arm-none-eabi/lib/armv6-m\libcr_c.a(stdlib.o)
 .text.__srand  0x00000000        0xc c:/nxp/lpcxpresso_7.0.2_102/lpcxpresso/tools/bin/../lib/gcc/arm-none-eabi/4.8.3/../../../../arm-none-eabi/lib/armv6-m\libcr_c.a(stdlib.o)
 .text._exit_init
                0x00000000        0xc c:/nxp/lpcxpresso_7.0.2_102/lpcxpresso/tools/bin/../lib/gcc/arm-none-eabi/4.8.3/../../../../arm-none-eabi/lib/armv6-m\libcr_c.a(stdlib.o)
 .text.atexit   0x00000000       0x24 c:/nxp/lpcxpresso_7.0.2_102/lpcxpresso/tools/bin/../lib/gcc/arm-none-eabi/4.8.3/../../../../arm-none-eabi/lib/armv6-m\libcr_c.a(stdlib.o)
 .text.exit     0x00000000       0x2c c:/nxp/lpcxpresso_7.0.2_102/lpcxpresso/tools/bin/../lib/gcc/arm-none-eabi/4.8.3/../../../../arm-none-eabi/lib/armv6-m\libcr_c.a(stdlib.o)
 .text.abort    0x00000000       0x10 c:/nxp/lpcxpresso_7.0.2_102/lpcxpresso/tools/bin/../lib/gcc/arm-none-eabi/4.8.3/../../../../arm-none-eabi/lib/armv6-m\libcr_c.a(stdlib.o)
 .text.abs      0x00000000        0x8 c:/nxp/lpcxpresso_7.0.2_102/lpcxpresso/tools/bin/../lib/gcc/arm-none-eabi/4.8.3/../../../../arm-none-eabi/lib/armv6-m\libcr_c.a(stdlib.o)
 .text.labs     0x00000000        0x8 c:/nxp/lpcxpresso_7.0.2_102/lpcxpresso/tools/bin/../lib/gcc/arm-none-eabi/4.8.3/../../../../arm-none-eabi/lib/armv6-m\libcr_c.a(stdlib.o)
 .text.div      0x00000000       0x20 c:/nxp/lpcxpresso_7.0.2_102/lpcxpresso/tools/bin/../lib/gcc/arm-none-eabi/4.8.3/../../../../arm-none-eabi/lib/armv6-m\libcr_c.a(stdlib.o)
 .text.ldiv     0x00000000       0x20 c:/nxp/lpcxpresso_7.0.2_102/lpcxpresso/tools/bin/../lib/gcc/arm-none-eabi/4.8.3/../../../../arm-none-eabi/lib/armv6-m\libcr_c.a(stdlib.o)
 .data.next     0x00000000        0x4 c:/nxp/lpcxpresso_7.0.2_102/lpcxpresso/tools/bin/../lib/gcc/arm-none-eabi/4.8.3/../../../../arm-none-eabi/lib/armv6-m\libcr_c.a(stdlib.o)
 COMMON         0x00000000       0x88 c:/nxp/lpcxpresso_7.0.2_102/lpcxpresso/tools/bin/../lib/gcc/arm-none-eabi/4.8.3/../../../../arm-none-eabi/lib/armv6-m\libcr_c.a(stdlib.o)
 .text          0x00000000        0x0 c:/nxp/lpcxpresso_7.0.2_102/lpcxpresso/tools/bin/../lib/gcc/arm-none-eabi/4.8.3/../../../../arm-none-eabi/lib/armv6-m\libcr_c.a(initio.o)
 .data          0x00000000        0x0 c:/nxp/lpcxpresso_7.0.2_102/lpcxpresso/tools/bin/../lib/gcc/arm-none-eabi/4.8.3/../../../../arm-none-eabi/lib/armv6-m\libcr_c.a(initio.o)
 .bss           0x00000000        0x0 c:/nxp/lpcxpresso_7.0.2_102/lpcxpresso/tools/bin/../lib/gcc/arm-none-eabi/4.8.3/../../../../arm-none-eabi/lib/armv6-m\libcr_c.a(initio.o)
 .text._initio  0x00000000       0xa4 c:/nxp/lpcxpresso_7.0.2_102/lpcxpresso/tools/bin/../lib/gcc/arm-none-eabi/4.8.3/../../../../arm-none-eabi/lib/armv6-m\libcr_c.a(initio.o)
 .text._terminateio
                0x00000000       0x3c c:/nxp/lpcxpresso_7.0.2_102/lpcxpresso/tools/bin/../lib/gcc/arm-none-eabi/4.8.3/../../../../arm-none-eabi/lib/armv6-m\libcr_c.a(initio.o)
 .rodata.str1.1
                0x00000000        0x4 c:/nxp/lpcxpresso_7.0.2_102/lpcxpresso/tools/bin/../lib/gcc/arm-none-eabi/4.8.3/../../../../arm-none-eabi/lib/armv6-m\libcr_c.a(initio.o)
 .comment       0x00000000       0x71 c:/nxp/lpcxpresso_7.0.2_102/lpcxpresso/tools/bin/../lib/gcc/arm-none-eabi/4.8.3/../../../../arm-none-eabi/lib/armv6-m\libcr_c.a(initio.o)
 .ARM.attributes
                0x00000000       0x31 c:/nxp/lpcxpresso_7.0.2_102/lpcxpresso/tools/bin/../lib/gcc/arm-none-eabi/4.8.3/../../../../arm-none-eabi/lib/armv6-m\libcr_c.a(initio.o)
 COMMON         0x00000000        0x4 c:/nxp/lpcxpresso_7.0.2_102/lpcxpresso/tools/bin/../lib/gcc/arm-none-eabi/4.8.3/../../../../arm-none-eabi/lib/armv6-m\libcr_c.a(initio.o)
 .text          0x00000000        0x0 c:/nxp/lpcxpresso_7.0.2_102/lpcxpresso/tools/bin/../lib/gcc/arm-none-eabi/4.8.3/../../../../arm-none-eabi/lib/armv6-m\libcr_c.a(raise.o)
 .data          0x00000000        0x0 c:/nxp/lpcxpresso_7.0.2_102/lpcxpresso/tools/bin/../lib/gcc/arm-none-eabi/4.8.3/../../../../arm-none-eabi/lib/armv6-m\libcr_c.a(raise.o)
 .bss           0x00000000        0x0 c:/nxp/lpcxpresso_7.0.2_102/lpcxpresso/tools/bin/../lib/gcc/arm-none-eabi/4.8.3/../../../../arm-none-eabi/lib/armv6-m\libcr_c.a(raise.o)
 .text.raise    0x00000000        0x6 c:/nxp/lpcxpresso_7.0.2_102/lpcxpresso/tools/bin/../lib/gcc/arm-none-eabi/4.8.3/../../../../arm-none-eabi/lib/armv6-m\libcr_c.a(raise.o)
 .comment       0x00000000       0x71 c:/nxp/lpcxpresso_7.0.2_102/lpcxpresso/tools/bin/../lib/gcc/arm-none-eabi/4.8.3/../../../../arm-none-eabi/lib/armv6-m\libcr_c.a(raise.o)
 .ARM.attributes
                0x00000000       0x31 c:/nxp/lpcxpresso_7.0.2_102/lpcxpresso/tools/bin/../lib/gcc/arm-none-eabi/4.8.3/../../../../arm-none-eabi/lib/armv6-m\libcr_c.a(raise.o)
 .text          0x00000000        0x0 c:/nxp/lpcxpresso_7.0.2_102/lpcxpresso/tools/bin/../lib/gcc/arm-none-eabi/4.8.3/../../../../arm-none-eabi/lib/armv6-m\libcr_c.a(setvbuf.o)
 .data          0x00000000        0x0 c:/nxp/lpcxpresso_7.0.2_102/lpcxpresso/tools/bin/../lib/gcc/arm-none-eabi/4.8.3/../../../../arm-none-eabi/lib/armv6-m\libcr_c.a(setvbuf.o)
 .bss           0x00000000        0x0 c:/nxp/lpcxpresso_7.0.2_102/lpcxpresso/tools/bin/../lib/gcc/arm-none-eabi/4.8.3/../../../../arm-none-eabi/lib/armv6-m\libcr_c.a(setvbuf.o)
 .text.setvbuf  0x00000000       0x48 c:/nxp/lpcxpresso_7.0.2_102/lpcxpresso/tools/bin/../lib/gcc/arm-none-eabi/4.8.3/../../../../arm-none-eabi/lib/armv6-m\libcr_c.a(setvbuf.o)
 .comment       0x00000000       0x71 c:/nxp/lpcxpresso_7.0.2_102/lpcxpresso/tools/bin/../lib/gcc/arm-none-eabi/4.8.3/../../../../arm-none-eabi/lib/armv6-m\libcr_c.a(setvbuf.o)
 .ARM.attributes
                0x00000000       0x31 c:/nxp/lpcxpresso_7.0.2_102/lpcxpresso/tools/bin/../lib/gcc/arm-none-eabi/4.8.3/../../../../arm-none-eabi/lib/armv6-m\libcr_c.a(setvbuf.o)
 .text          0x00000000        0x0 c:/nxp/lpcxpresso_7.0.2_102/lpcxpresso/tools/bin/../lib/gcc/arm-none-eabi/4.8.3/../../../../arm-none-eabi/lib/armv6-m\libcr_c.a(stdio.o)
 .data          0x00000000        0x0 c:/nxp/lpcxpresso_7.0.2_102/lpcxpresso/tools/bin/../lib/gcc/arm-none-eabi/4.8.3/../../../../arm-none-eabi/lib/armv6-m\libcr_c.a(stdio.o)
 .bss           0x00000000        0x0 c:/nxp/lpcxpresso_7.0.2_102/lpcxpresso/tools/bin/../lib/gcc/arm-none-eabi/4.8.3/../../../../arm-none-eabi/lib/armv6-m\libcr_c.a(stdio.o)
 .text.fgetc    0x00000000       0x1c c:/nxp/lpcxpresso_7.0.2_102/lpcxpresso/tools/bin/../lib/gcc/arm-none-eabi/4.8.3/../../../../arm-none-eabi/lib/armv6-m\libcr_c.a(stdio.o)
 .text.fputc    0x00000000       0x1e c:/nxp/lpcxpresso_7.0.2_102/lpcxpresso/tools/bin/../lib/gcc/arm-none-eabi/4.8.3/../../../../arm-none-eabi/lib/armv6-m\libcr_c.a(stdio.o)
 .text.getc     0x00000000       0x1c c:/nxp/lpcxpresso_7.0.2_102/lpcxpresso/tools/bin/../lib/gcc/arm-none-eabi/4.8.3/../../../../arm-none-eabi/lib/armv6-m\libcr_c.a(stdio.o)
 .text.getchar  0x00000000       0x24 c:/nxp/lpcxpresso_7.0.2_102/lpcxpresso/tools/bin/../lib/gcc/arm-none-eabi/4.8.3/../../../../arm-none-eabi/lib/armv6-m\libcr_c.a(stdio.o)
 .text.putc     0x00000000       0x1e c:/nxp/lpcxpresso_7.0.2_102/lpcxpresso/tools/bin/../lib/gcc/arm-none-eabi/4.8.3/../../../../arm-none-eabi/lib/armv6-m\libcr_c.a(stdio.o)
 .text.putchar  0x00000000       0x28 c:/nxp/lpcxpresso_7.0.2_102/lpcxpresso/tools/bin/../lib/gcc/arm-none-eabi/4.8.3/../../../../arm-none-eabi/lib/armv6-m\libcr_c.a(stdio.o)
 .text.feof     0x00000000        0x8 c:/nxp/lpcxpresso_7.0.2_102/lpcxpresso/tools/bin/../lib/gcc/arm-none-eabi/4.8.3/../../../../arm-none-eabi/lib/armv6-m\libcr_c.a(stdio.o)
 .text.ferror   0x00000000        0x8 c:/nxp/lpcxpresso_7.0.2_102/lpcxpresso/tools/bin/../lib/gcc/arm-none-eabi/4.8.3/../../../../arm-none-eabi/lib/armv6-m\libcr_c.a(stdio.o)
 .text.clearerr
                0x00000000       0x10 c:/nxp/lpcxpresso_7.0.2_102/lpcxpresso/tools/bin/../lib/gcc/arm-none-eabi/4.8.3/../../../../arm-none-eabi/lib/armv6-m\libcr_c.a(stdio.o)
 .comment       0x00000000       0x71 c:/nxp/lpcxpresso_7.0.2_102/lpcxpresso/tools/bin/../lib/gcc/arm-none-eabi/4.8.3/../../../../arm-none-eabi/lib/armv6-m\libcr_c.a(stdio.o)
 .ARM.attributes
                0x00000000       0x31 c:/nxp/lpcxpresso_7.0.2_102/lpcxpresso/tools/bin/../lib/gcc/arm-none-eabi/4.8.3/../../../../arm-none-eabi/lib/armv6-m\libcr_c.a(stdio.o)
 COMMON         0x00000000      0x140 c:/nxp/lpcxpresso_7.0.2_102/lpcxpresso/tools/bin/../lib/gcc/arm-none-eabi/4.8.3/../../../../arm-none-eabi/lib/armv6-m\libcr_c.a(stdio.o)
 .text          0x00000000        0x0 c:/nxp/lpcxpresso_7.0.2_102/lpcxpresso/tools/bin/../lib/gcc/arm-none-eabi/4.8.3/../../../../arm-none-eabi/lib/armv6-m\libcr_c.a(memset.o)
 .data          0x00000000        0x0 c:/nxp/lpcxpresso_7.0.2_102/lpcxpresso/tools/bin/../lib/gcc/arm-none-eabi/4.8.3/../../../../arm-none-eabi/lib/armv6-m\libcr_c.a(memset.o)
 .bss           0x00000000        0x0 c:/nxp/lpcxpresso_7.0.2_102/lpcxpresso/tools/bin/../lib/gcc/arm-none-eabi/4.8.3/../../../../arm-none-eabi/lib/armv6-m\libcr_c.a(memset.o)
 .text.memset   0x00000000        0x8 c:/nxp/lpcxpresso_7.0.2_102/lpcxpresso/tools/bin/../lib/gcc/arm-none-eabi/4.8.3/../../../../arm-none-eabi/lib/armv6-m\libcr_c.a(memset.o)
 .comment       0x00000000       0x71 c:/nxp/lpcxpresso_7.0.2_102/lpcxpresso/tools/bin/../lib/gcc/arm-none-eabi/4.8.3/../../../../arm-none-eabi/lib/armv6-m\libcr_c.a(memset.o)
 .ARM.attributes
                0x00000000       0x31 c:/nxp/lpcxpresso_7.0.2_102/lpcxpresso/tools/bin/../lib/gcc/arm-none-eabi/4.8.3/../../../../arm-none-eabi/lib/armv6-m\libcr_c.a(memset.o)
 .text          0x00000000        0x0 c:/nxp/lpcxpresso_7.0.2_102/lpcxpresso/tools/bin/../lib/gcc/arm-none-eabi/4.8.3/../../../../arm-none-eabi/lib/armv6-m\libcr_c.a(__fillbuf.o)
 .data          0x00000000        0x0 c:/nxp/lpcxpresso_7.0.2_102/lpcxpresso/tools/bin/../lib/gcc/arm-none-eabi/4.8.3/../../../../arm-none-eabi/lib/armv6-m\libcr_c.a(__fillbuf.o)
 .bss           0x00000000        0x0 c:/nxp/lpcxpresso_7.0.2_102/lpcxpresso/tools/bin/../lib/gcc/arm-none-eabi/4.8.3/../../../../arm-none-eabi/lib/armv6-m\libcr_c.a(__fillbuf.o)
 .text._Csys_read_
                0x00000000       0x22 c:/nxp/lpcxpresso_7.0.2_102/lpcxpresso/tools/bin/../lib/gcc/arm-none-eabi/4.8.3/../../../../arm-none-eabi/lib/armv6-m\libcr_c.a(__fillbuf.o)
 .text.__filbuf
                0x00000000      0x188 c:/nxp/lpcxpresso_7.0.2_102/lpcxpresso/tools/bin/../lib/gcc/arm-none-eabi/4.8.3/../../../../arm-none-eabi/lib/armv6-m\libcr_c.a(__fillbuf.o)
 .text._fillb2  0x00000000       0x1c c:/nxp/lpcxpresso_7.0.2_102/lpcxpresso/tools/bin/../lib/gcc/arm-none-eabi/4.8.3/../../../../arm-none-eabi/lib/armv6-m\libcr_c.a(__fillbuf.o)
 .comment       0x00000000       0x71 c:/nxp/lpcxpresso_7.0.2_102/lpcxpresso/tools/bin/../lib/gcc/arm-none-eabi/4.8.3/../../../../arm-none-eabi/lib/armv6-m\libcr_c.a(__fillbuf.o)
 .ARM.attributes
                0x00000000       0x31 c:/nxp/lpcxpresso_7.0.2_102/lpcxpresso/tools/bin/../lib/gcc/arm-none-eabi/4.8.3/../../../../arm-none-eabi/lib/armv6-m\libcr_c.a(__fillbuf.o)
 .text          0x00000000        0x0 c:/nxp/lpcxpresso_7.0.2_102/lpcxpresso/tools/bin/../lib/gcc/arm-none-eabi/4.8.3/../../../../arm-none-eabi/lib/armv6-m\libcr_c.a(_deferredlazyseek.o)
 .data          0x00000000        0x0 c:/nxp/lpcxpresso_7.0.2_102/lpcxpresso/tools/bin/../lib/gcc/arm-none-eabi/4.8.3/../../../../arm-none-eabi/lib/armv6-m\libcr_c.a(_deferredlazyseek.o)
 .bss           0x00000000        0x0 c:/nxp/lpcxpresso_7.0.2_102/lpcxpresso/tools/bin/../lib/gcc/arm-none-eabi/4.8.3/../../../../arm-none-eabi/lib/armv6-m\libcr_c.a(_deferredlazyseek.o)
 .text._deferredlazyseek
                0x00000000       0x44 c:/nxp/lpcxpresso_7.0.2_102/lpcxpresso/tools/bin/../lib/gcc/arm-none-eabi/4.8.3/../../../../arm-none-eabi/lib/armv6-m\libcr_c.a(_deferredlazyseek.o)
 .text.__flsbuf
                0x00000000      0x154 c:/nxp/lpcxpresso_7.0.2_102/lpcxpresso/tools/bin/../lib/gcc/arm-none-eabi/4.8.3/../../../../arm-none-eabi/lib/armv6-m\libcr_c.a(_deferredlazyseek.o)
 .comment       0x00000000       0x71 c:/nxp/lpcxpresso_7.0.2_102/lpcxpresso/tools/bin/../lib/gcc/arm-none-eabi/4.8.3/../../../../arm-none-eabi/lib/armv6-m\libcr_c.a(_deferredlazyseek.o)
 .ARM.attributes
                0x00000000       0x31 c:/nxp/lpcxpresso_7.0.2_102/lpcxpresso/tools/bin/../lib/gcc/arm-none-eabi/4.8.3/../../../../arm-none-eabi/lib/armv6-m\libcr_c.a(_deferredlazyseek.o)
 .text          0x00000000        0x0 c:/nxp/lpcxpresso_7.0.2_102/lpcxpresso/tools/bin/../lib/gcc/arm-none-eabi/4.8.3/../../../../arm-none-eabi/lib/armv6-m\libcr_c.a(_fdopen.o)
 .data          0x00000000        0x0 c:/nxp/lpcxpresso_7.0.2_102/lpcxpresso/tools/bin/../lib/gcc/arm-none-eabi/4.8.3/../../../../arm-none-eabi/lib/armv6-m\libcr_c.a(_fdopen.o)
 .bss           0x00000000        0x0 c:/nxp/lpcxpresso_7.0.2_102/lpcxpresso/tools/bin/../lib/gcc/arm-none-eabi/4.8.3/../../../../arm-none-eabi/lib/armv6-m\libcr_c.a(_fdopen.o)
 .text._fdopen  0x00000000       0x68 c:/nxp/lpcxpresso_7.0.2_102/lpcxpresso/tools/bin/../lib/gcc/arm-none-eabi/4.8.3/../../../../arm-none-eabi/lib/armv6-m\libcr_c.a(_fdopen.o)
 .comment       0x00000000       0x71 c:/nxp/lpcxpresso_7.0.2_102/lpcxpresso/tools/bin/../lib/gcc/arm-none-eabi/4.8.3/../../../../arm-none-eabi/lib/armv6-m\libcr_c.a(_fdopen.o)
 .ARM.attributes
                0x00000000       0x31 c:/nxp/lpcxpresso_7.0.2_102/lpcxpresso/tools/bin/../lib/gcc/arm-none-eabi/4.8.3/../../../../arm-none-eabi/lib/armv6-m\libcr_c.a(_fdopen.o)
 .text          0x00000000        0x0 c:/nxp/lpcxpresso_7.0.2_102/lpcxpresso/tools/bin/../lib/gcc/arm-none-eabi/4.8.3/../../../../arm-none-eabi/lib/armv6-m\libcr_c.a(_fflush.o)
 .data          0x00000000        0x0 c:/nxp/lpcxpresso_7.0.2_102/lpcxpresso/tools/bin/../lib/gcc/arm-none-eabi/4.8.3/../../../../arm-none-eabi/lib/armv6-m\libcr_c.a(_fflush.o)
 .bss           0x00000000        0x0 c:/nxp/lpcxpresso_7.0.2_102/lpcxpresso/tools/bin/../lib/gcc/arm-none-eabi/4.8.3/../../../../arm-none-eabi/lib/armv6-m\libcr_c.a(_fflush.o)
 .text._fflush  0x00000000       0x64 c:/nxp/lpcxpresso_7.0.2_102/lpcxpresso/tools/bin/../lib/gcc/arm-none-eabi/4.8.3/../../../../arm-none-eabi/lib/armv6-m\libcr_c.a(_fflush.o)
 .comment       0x00000000       0x71 c:/nxp/lpcxpresso_7.0.2_102/lpcxpresso/tools/bin/../lib/gcc/arm-none-eabi/4.8.3/../../../../arm-none-eabi/lib/armv6-m\libcr_c.a(_fflush.o)
 .ARM.attributes
                0x00000000       0x31 c:/nxp/lpcxpresso_7.0.2_102/lpcxpresso/tools/bin/../lib/gcc/arm-none-eabi/4.8.3/../../../../arm-none-eabi/lib/armv6-m\libcr_c.a(_fflush.o)
 .text          0x00000000        0x0 c:/nxp/lpcxpresso_7.0.2_102/lpcxpresso/tools/bin/../lib/gcc/arm-none-eabi/4.8.3/../../../../arm-none-eabi/lib/armv6-m\libcr_c.a(_writebuf.o)
 .data          0x00000000        0x0 c:/nxp/lpcxpresso_7.0.2_102/lpcxpresso/tools/bin/../lib/gcc/arm-none-eabi/4.8.3/../../../../arm-none-eabi/lib/armv6-m\libcr_c.a(_writebuf.o)
 .bss           0x00000000        0x0 c:/nxp/lpcxpresso_7.0.2_102/lpcxpresso/tools/bin/../lib/gcc/arm-none-eabi/4.8.3/../../../../arm-none-eabi/lib/armv6-m\libcr_c.a(_writebuf.o)
 .text._Cwritebuf
                0x00000000       0x6c c:/nxp/lpcxpresso_7.0.2_102/lpcxpresso/tools/bin/../lib/gcc/arm-none-eabi/4.8.3/../../../../arm-none-eabi/lib/armv6-m\libcr_c.a(_writebuf.o)
 .comment       0x00000000       0x71 c:/nxp/lpcxpresso_7.0.2_102/lpcxpresso/tools/bin/../lib/gcc/arm-none-eabi/4.8.3/../../../../arm-none-eabi/lib/armv6-m\libcr_c.a(_writebuf.o)
 .ARM.attributes
                0x00000000       0x31 c:/nxp/lpcxpresso_7.0.2_102/lpcxpresso/tools/bin/../lib/gcc/arm-none-eabi/4.8.3/../../../../arm-none-eabi/lib/armv6-m\libcr_c.a(_writebuf.o)
 .text          0x00000000        0x0 c:/nxp/lpcxpresso_7.0.2_102/lpcxpresso/tools/bin/../lib/gcc/arm-none-eabi/4.8.3/../../../../arm-none-eabi/lib/armv6-m\libcr_c.a(alloc.o)
 .data          0x00000000        0x0 c:/nxp/lpcxpresso_7.0.2_102/lpcxpresso/tools/bin/../lib/gcc/arm-none-eabi/4.8.3/../../../../arm-none-eabi/lib/armv6-m\libcr_c.a(alloc.o)
 .bss           0x00000000        0x0 c:/nxp/lpcxpresso_7.0.2_102/lpcxpresso/tools/bin/../lib/gcc/arm-none-eabi/4.8.3/../../../../arm-none-eabi/lib/armv6-m\libcr_c.a(alloc.o)
 .text.malloc   0x00000000       0xc0 c:/nxp/lpcxpresso_7.0.2_102/lpcxpresso/tools/bin/../lib/gcc/arm-none-eabi/4.8.3/../../../../arm-none-eabi/lib/armv6-m\libcr_c.a(alloc.o)
 .text.free     0x00000000        0xe c:/nxp/lpcxpresso_7.0.2_102/lpcxpresso/tools/bin/../lib/gcc/arm-none-eabi/4.8.3/../../../../arm-none-eabi/lib/armv6-m\libcr_c.a(alloc.o)
 .text.calloc   0x00000000       0x50 c:/nxp/lpcxpresso_7.0.2_102/lpcxpresso/tools/bin/../lib/gcc/arm-none-eabi/4.8.3/../../../../arm-none-eabi/lib/armv6-m\libcr_c.a(alloc.o)
 .text._Csys_alloc
                0x00000000       0x20 c:/nxp/lpcxpresso_7.0.2_102/lpcxpresso/tools/bin/../lib/gcc/arm-none-eabi/4.8.3/../../../../arm-none-eabi/lib/armv6-m\libcr_c.a(alloc.o)
 .text.realloc  0x00000000       0x24 c:/nxp/lpcxpresso_7.0.2_102/lpcxpresso/tools/bin/../lib/gcc/arm-none-eabi/4.8.3/../../../../arm-none-eabi/lib/armv6-m\libcr_c.a(alloc.o)
 .rodata.str1.1
                0x00000000       0x18 c:/nxp/lpcxpresso_7.0.2_102/lpcxpresso/tools/bin/../lib/gcc/arm-none-eabi/4.8.3/../../../../arm-none-eabi/lib/armv6-m\libcr_c.a(alloc.o)
 .comment       0x00000000       0x71 c:/nxp/lpcxpresso_7.0.2_102/lpcxpresso/tools/bin/../lib/gcc/arm-none-eabi/4.8.3/../../../../arm-none-eabi/lib/armv6-m\libcr_c.a(alloc.o)
 .ARM.attributes
                0x00000000       0x31 c:/nxp/lpcxpresso_7.0.2_102/lpcxpresso/tools/bin/../lib/gcc/arm-none-eabi/4.8.3/../../../../arm-none-eabi/lib/armv6-m\libcr_c.a(alloc.o)
 .text          0x00000000        0x0 c:/nxp/lpcxpresso_7.0.2_102/lpcxpresso/tools/bin/../lib/gcc/arm-none-eabi/4.8.3/../../../../arm-none-eabi/lib/armv6-m\libcr_c.a(fclose.o)
 .data          0x00000000        0x0 c:/nxp/lpcxpresso_7.0.2_102/lpcxpresso/tools/bin/../lib/gcc/arm-none-eabi/4.8.3/../../../../arm-none-eabi/lib/armv6-m\libcr_c.a(fclose.o)
 .bss           0x00000000        0x0 c:/nxp/lpcxpresso_7.0.2_102/lpcxpresso/tools/bin/../lib/gcc/arm-none-eabi/4.8.3/../../../../arm-none-eabi/lib/armv6-m\libcr_c.a(fclose.o)
 .text.fclose   0x00000000       0x70 c:/nxp/lpcxpresso_7.0.2_102/lpcxpresso/tools/bin/../lib/gcc/arm-none-eabi/4.8.3/../../../../arm-none-eabi/lib/armv6-m\libcr_c.a(fclose.o)
 .comment       0x00000000       0x71 c:/nxp/lpcxpresso_7.0.2_102/lpcxpresso/tools/bin/../lib/gcc/arm-none-eabi/4.8.3/../../../../arm-none-eabi/lib/armv6-m\libcr_c.a(fclose.o)
 .ARM.attributes
                0x00000000       0x31 c:/nxp/lpcxpresso_7.0.2_102/lpcxpresso/tools/bin/../lib/gcc/arm-none-eabi/4.8.3/../../../../arm-none-eabi/lib/armv6-m\libcr_c.a(fclose.o)
 .text          0x00000000        0x0 c:/nxp/lpcxpresso_7.0.2_102/lpcxpresso/tools/bin/../lib/gcc/arm-none-eabi/4.8.3/../../../../arm-none-eabi/lib/armv6-m\libcr_c.a(fflush.o)
 .data          0x00000000        0x0 c:/nxp/lpcxpresso_7.0.2_102/lpcxpresso/tools/bin/../lib/gcc/arm-none-eabi/4.8.3/../../../../arm-none-eabi/lib/armv6-m\libcr_c.a(fflush.o)
 .bss           0x00000000        0x0 c:/nxp/lpcxpresso_7.0.2_102/lpcxpresso/tools/bin/../lib/gcc/arm-none-eabi/4.8.3/../../../../arm-none-eabi/lib/armv6-m\libcr_c.a(fflush.o)
 .text.fflush   0x00000000       0x34 c:/nxp/lpcxpresso_7.0.2_102/lpcxpresso/tools/bin/../lib/gcc/arm-none-eabi/4.8.3/../../../../arm-none-eabi/lib/armv6-m\libcr_c.a(fflush.o)
 .comment       0x00000000       0x71 c:/nxp/lpcxpresso_7.0.2_102/lpcxpresso/tools/bin/../lib/gcc/arm-none-eabi/4.8.3/../../../../arm-none-eabi/lib/armv6-m\libcr_c.a(fflush.o)
 .ARM.attributes
                0x00000000       0x31 c:/nxp/lpcxpresso_7.0.2_102/lpcxpresso/tools/bin/../lib/gcc/arm-none-eabi/4.8.3/../../../../arm-none-eabi/lib/armv6-m\libcr_c.a(fflush.o)
 .text          0x00000000        0x0 c:/nxp/lpcxpresso_7.0.2_102/lpcxpresso/tools/bin/../lib/gcc/arm-none-eabi/4.8.3/../../../../arm-none-eabi/lib/armv6-m\libcr_c.a(fseek.o)
 .data          0x00000000        0x0 c:/nxp/lpcxpresso_7.0.2_102/lpcxpresso/tools/bin/../lib/gcc/arm-none-eabi/4.8.3/../../../../arm-none-eabi/lib/armv6-m\libcr_c.a(fseek.o)
 .bss           0x00000000        0x0 c:/nxp/lpcxpresso_7.0.2_102/lpcxpresso/tools/bin/../lib/gcc/arm-none-eabi/4.8.3/../../../../arm-none-eabi/lib/armv6-m\libcr_c.a(fseek.o)
 .text.fseek    0x00000000       0xf8 c:/nxp/lpcxpresso_7.0.2_102/lpcxpresso/tools/bin/../lib/gcc/arm-none-eabi/4.8.3/../../../../arm-none-eabi/lib/armv6-m\libcr_c.a(fseek.o)
 .comment       0x00000000       0x71 c:/nxp/lpcxpresso_7.0.2_102/lpcxpresso/tools/bin/../lib/gcc/arm-none-eabi/4.8.3/../../../../arm-none-eabi/lib/armv6-m\libcr_c.a(fseek.o)
 .ARM.attributes
                0x00000000       0x31 c:/nxp/lpcxpresso_7.0.2_102/lpcxpresso/tools/bin/../lib/gcc/arm-none-eabi/4.8.3/../../../../arm-none-eabi/lib/armv6-m\libcr_c.a(fseek.o)
 .text          0x00000000        0x0 c:/nxp/lpcxpresso_7.0.2_102/lpcxpresso/tools/bin/../lib/gcc/arm-none-eabi/4.8.3/../../../../arm-none-eabi/lib/armv6-m\libcr_c.a(ftell.o)
 .data          0x00000000        0x0 c:/nxp/lpcxpresso_7.0.2_102/lpcxpresso/tools/bin/../lib/gcc/arm-none-eabi/4.8.3/../../../../arm-none-eabi/lib/armv6-m\libcr_c.a(ftell.o)
 .bss           0x00000000        0x0 c:/nxp/lpcxpresso_7.0.2_102/lpcxpresso/tools/bin/../lib/gcc/arm-none-eabi/4.8.3/../../../../arm-none-eabi/lib/armv6-m\libcr_c.a(ftell.o)
 .text.ftell    0x00000000       0x4c c:/nxp/lpcxpresso_7.0.2_102/lpcxpresso/tools/bin/../lib/gcc/arm-none-eabi/4.8.3/../../../../arm-none-eabi/lib/armv6-m\libcr_c.a(ftell.o)
 .comment       0x00000000       0x71 c:/nxp/lpcxpresso_7.0.2_102/lpcxpresso/tools/bin/../lib/gcc/arm-none-eabi/4.8.3/../../../../arm-none-eabi/lib/armv6-m\libcr_c.a(ftell.o)
 .ARM.attributes
                0x00000000       0x31 c:/nxp/lpcxpresso_7.0.2_102/lpcxpresso/tools/bin/../lib/gcc/arm-none-eabi/4.8.3/../../../../arm-none-eabi/lib/armv6-m\libcr_c.a(ftell.o)
 .text          0x00000000        0x0 c:/nxp/lpcxpresso_7.0.2_102/lpcxpresso/tools/bin/../lib/gcc/arm-none-eabi/4.8.3/../../../../arm-none-eabi/lib/armv6-m\libcr_c.a(remove.o)
 .data          0x00000000        0x0 c:/nxp/lpcxpresso_7.0.2_102/lpcxpresso/tools/bin/../lib/gcc/arm-none-eabi/4.8.3/../../../../arm-none-eabi/lib/armv6-m\libcr_c.a(remove.o)
 .bss           0x00000000        0x0 c:/nxp/lpcxpresso_7.0.2_102/lpcxpresso/tools/bin/../lib/gcc/arm-none-eabi/4.8.3/../../../../arm-none-eabi/lib/armv6-m\libcr_c.a(remove.o)
 .text.remove   0x00000000       0x12 c:/nxp/lpcxpresso_7.0.2_102/lpcxpresso/tools/bin/../lib/gcc/arm-none-eabi/4.8.3/../../../../arm-none-eabi/lib/armv6-m\libcr_c.a(remove.o)
 .text.rename   0x00000000       0x26 c:/nxp/lpcxpresso_7.0.2_102/lpcxpresso/tools/bin/../lib/gcc/arm-none-eabi/4.8.3/../../../../arm-none-eabi/lib/armv6-m\libcr_c.a(remove.o)
 .comment       0x00000000       0x71 c:/nxp/lpcxpresso_7.0.2_102/lpcxpresso/tools/bin/../lib/gcc/arm-none-eabi/4.8.3/../../../../arm-none-eabi/lib/armv6-m\libcr_c.a(remove.o)
 .ARM.attributes
                0x00000000       0x31 c:/nxp/lpcxpresso_7.0.2_102/lpcxpresso/tools/bin/../lib/gcc/arm-none-eabi/4.8.3/../../../../arm-none-eabi/lib/armv6-m\libcr_c.a(remove.o)
 .text          0x00000000        0x0 c:/nxp/lpcxpresso_7.0.2_102/lpcxpresso/tools/bin/../lib/gcc/arm-none-eabi/4.8.3/../../../../arm-none-eabi/lib/armv6-m\libcr_c.a(strlen.o)
 .data          0x00000000        0x0 c:/nxp/lpcxpresso_7.0.2_102/lpcxpresso/tools/bin/../lib/gcc/arm-none-eabi/4.8.3/../../../../arm-none-eabi/lib/armv6-m\libcr_c.a(strlen.o)
 .bss           0x00000000        0x0 c:/nxp/lpcxpresso_7.0.2_102/lpcxpresso/tools/bin/../lib/gcc/arm-none-eabi/4.8.3/../../../../arm-none-eabi/lib/armv6-m\libcr_c.a(strlen.o)
 .text.strlen   0x00000000       0x54 c:/nxp/lpcxpresso_7.0.2_102/lpcxpresso/tools/bin/../lib/gcc/arm-none-eabi/4.8.3/../../../../arm-none-eabi/lib/armv6-m\libcr_c.a(strlen.o)
 .comment       0x00000000       0x71 c:/nxp/lpcxpresso_7.0.2_102/lpcxpresso/tools/bin/../lib/gcc/arm-none-eabi/4.8.3/../../../../arm-none-eabi/lib/armv6-m\libcr_c.a(strlen.o)
 .ARM.attributes
                0x00000000       0x31 c:/nxp/lpcxpresso_7.0.2_102/lpcxpresso/tools/bin/../lib/gcc/arm-none-eabi/4.8.3/../../../../arm-none-eabi/lib/armv6-m\libcr_c.a(strlen.o)
 .text          0x00000000        0x0 c:/nxp/lpcxpresso_7.0.2_102/lpcxpresso/tools/bin/../lib/gcc/arm-none-eabi/4.8.3/../../../../arm-none-eabi/lib/armv6-m\libcr_c.a(memcpy.o)
 .data          0x00000000        0x0 c:/nxp/lpcxpresso_7.0.2_102/lpcxpresso/tools/bin/../lib/gcc/arm-none-eabi/4.8.3/../../../../arm-none-eabi/lib/armv6-m\libcr_c.a(memcpy.o)
 .bss           0x00000000        0x0 c:/nxp/lpcxpresso_7.0.2_102/lpcxpresso/tools/bin/../lib/gcc/arm-none-eabi/4.8.3/../../../../arm-none-eabi/lib/armv6-m\libcr_c.a(memcpy.o)
 .text.memcpy   0x00000000        0x8 c:/nxp/lpcxpresso_7.0.2_102/lpcxpresso/tools/bin/../lib/gcc/arm-none-eabi/4.8.3/../../../../arm-none-eabi/lib/armv6-m\libcr_c.a(memcpy.o)
 .comment       0x00000000       0x71 c:/nxp/lpcxpresso_7.0.2_102/lpcxpresso/tools/bin/../lib/gcc/arm-none-eabi/4.8.3/../../../../arm-none-eabi/lib/armv6-m\libcr_c.a(memcpy.o)
 .ARM.attributes
                0x00000000       0x31 c:/nxp/lpcxpresso_7.0.2_102/lpcxpresso/tools/bin/../lib/gcc/arm-none-eabi/4.8.3/../../../../arm-none-eabi/lib/armv6-m\libcr_c.a(memcpy.o)
 .text          0x00000000        0x0 c:/nxp/lpcxpresso_7.0.2_102/lpcxpresso/tools/bin/../lib/gcc/arm-none-eabi/4.8.3/../../../../arm-none-eabi/lib/armv6-m\libcr_c.a(__init_alloc.o)
 .data          0x00000000        0x0 c:/nxp/lpcxpresso_7.0.2_102/lpcxpresso/tools/bin/../lib/gcc/arm-none-eabi/4.8.3/../../../../arm-none-eabi/lib/armv6-m\libcr_c.a(__init_alloc.o)
 .bss           0x00000000        0x0 c:/nxp/lpcxpresso_7.0.2_102/lpcxpresso/tools/bin/../lib/gcc/arm-none-eabi/4.8.3/../../../../arm-none-eabi/lib/armv6-m\libcr_c.a(__init_alloc.o)
 .text._init_alloc
                0x00000000       0x14 c:/nxp/lpcxpresso_7.0.2_102/lpcxpresso/tools/bin/../lib/gcc/arm-none-eabi/4.8.3/../../../../arm-none-eabi/lib/armv6-m\libcr_c.a(__init_alloc.o)
 .comment       0x00000000       0x71 c:/nxp/lpcxpresso_7.0.2_102/lpcxpresso/tools/bin/../lib/gcc/arm-none-eabi/4.8.3/../../../../arm-none-eabi/lib/armv6-m\libcr_c.a(__init_alloc.o)
 .ARM.attributes
                0x00000000       0x31 c:/nxp/lpcxpresso_7.0.2_102/lpcxpresso/tools/bin/../lib/gcc/arm-none-eabi/4.8.3/../../../../arm-none-eabi/lib/armv6-m\libcr_c.a(__init_alloc.o)
 COMMON         0x00000000        0x8 c:/nxp/lpcxpresso_7.0.2_102/lpcxpresso/tools/bin/../lib/gcc/arm-none-eabi/4.8.3/../../../../arm-none-eabi/lib/armv6-m\libcr_c.a(__init_alloc.o)
 .text          0x00000000        0x0 c:/nxp/lpcxpresso_7.0.2_102/lpcxpresso/tools/bin/../lib/gcc/arm-none-eabi/4.8.3/../../../../arm-none-eabi/lib/armv6-m\libcr_c.a(_cr_sbrk.o)
 .data          0x00000000        0x0 c:/nxp/lpcxpresso_7.0.2_102/lpcxpresso/tools/bin/../lib/gcc/arm-none-eabi/4.8.3/../../../../arm-none-eabi/lib/armv6-m\libcr_c.a(_cr_sbrk.o)
 .bss           0x00000000        0x0 c:/nxp/lpcxpresso_7.0.2_102/lpcxpresso/tools/bin/../lib/gcc/arm-none-eabi/4.8.3/../../../../arm-none-eabi/lib/armv6-m\libcr_c.a(_cr_sbrk.o)
 .text._sbrk    0x00000000       0x40 c:/nxp/lpcxpresso_7.0.2_102/lpcxpresso/tools/bin/../lib/gcc/arm-none-eabi/4.8.3/../../../../arm-none-eabi/lib/armv6-m\libcr_c.a(_cr_sbrk.o)
 .comment       0x00000000       0x71 c:/nxp/lpcxpresso_7.0.2_102/lpcxpresso/tools/bin/../lib/gcc/arm-none-eabi/4.8.3/../../../../arm-none-eabi/lib/armv6-m\libcr_c.a(_cr_sbrk.o)
 .ARM.attributes
                0x00000000       0x31 c:/nxp/lpcxpresso_7.0.2_102/lpcxpresso/tools/bin/../lib/gcc/arm-none-eabi/4.8.3/../../../../arm-none-eabi/lib/armv6-m\libcr_c.a(_cr_sbrk.o)
 .text          0x00000000        0x0 c:/nxp/lpcxpresso_7.0.2_102/lpcxpresso/tools/bin/../lib/gcc/arm-none-eabi/4.8.3/../../../../arm-none-eabi/lib/armv6-m\libcr_c.a(_do_fflush.o)
 .data          0x00000000        0x0 c:/nxp/lpcxpresso_7.0.2_102/lpcxpresso/tools/bin/../lib/gcc/arm-none-eabi/4.8.3/../../../../arm-none-eabi/lib/armv6-m\libcr_c.a(_do_fflush.o)
 .bss           0x00000000        0x0 c:/nxp/lpcxpresso_7.0.2_102/lpcxpresso/tools/bin/../lib/gcc/arm-none-eabi/4.8.3/../../../../arm-none-eabi/lib/armv6-m\libcr_c.a(_do_fflush.o)
 .text._do_fflush
                0x00000000       0x48 c:/nxp/lpcxpresso_7.0.2_102/lpcxpresso/tools/bin/../lib/gcc/arm-none-eabi/4.8.3/../../../../arm-none-eabi/lib/armv6-m\libcr_c.a(_do_fflush.o)
 .comment       0x00000000       0x71 c:/nxp/lpcxpresso_7.0.2_102/lpcxpresso/tools/bin/../lib/gcc/arm-none-eabi/4.8.3/../../../../arm-none-eabi/lib/armv6-m\libcr_c.a(_do_fflush.o)
 .ARM.attributes
                0x00000000       0x31 c:/nxp/lpcxpresso_7.0.2_102/lpcxpresso/tools/bin/../lib/gcc/arm-none-eabi/4.8.3/../../../../arm-none-eabi/lib/armv6-m\libcr_c.a(_do_fflush.o)
 .text          0x00000000        0x0 c:/nxp/lpcxpresso_7.0.2_102/lpcxpresso/tools/bin/../lib/gcc/arm-none-eabi/4.8.3/../../../../arm-none-eabi/lib/armv6-m\libcr_c.a(errno.o)
 .data          0x00000000        0x0 c:/nxp/lpcxpresso_7.0.2_102/lpcxpresso/tools/bin/../lib/gcc/arm-none-eabi/4.8.3/../../../../arm-none-eabi/lib/armv6-m\libcr_c.a(errno.o)
 .bss           0x00000000        0x0 c:/nxp/lpcxpresso_7.0.2_102/lpcxpresso/tools/bin/../lib/gcc/arm-none-eabi/4.8.3/../../../../arm-none-eabi/lib/armv6-m\libcr_c.a(errno.o)
 .bss.errno     0x00000000        0x4 c:/nxp/lpcxpresso_7.0.2_102/lpcxpresso/tools/bin/../lib/gcc/arm-none-eabi/4.8.3/../../../../arm-none-eabi/lib/armv6-m\libcr_c.a(errno.o)
 .comment       0x00000000       0x71 c:/nxp/lpcxpresso_7.0.2_102/lpcxpresso/tools/bin/../lib/gcc/arm-none-eabi/4.8.3/../../../../arm-none-eabi/lib/armv6-m\libcr_c.a(errno.o)
 .ARM.attributes
                0x00000000       0x31 c:/nxp/lpcxpresso_7.0.2_102/lpcxpresso/tools/bin/../lib/gcc/arm-none-eabi/4.8.3/../../../../arm-none-eabi/lib/armv6-m\libcr_c.a(errno.o)
 .text          0x00000000        0x0 c:/nxp/lpcxpresso_7.0.2_102/lpcxpresso/tools/bin/../lib/gcc/arm-none-eabi/4.8.3/../../../../arm-none-eabi/lib/armv6-m\libcr_c.a(_cr_check_heap.o)
 .data          0x00000000        0x0 c:/nxp/lpcxpresso_7.0.2_102/lpcxpresso/tools/bin/../lib/gcc/arm-none-eabi/4.8.3/../../../../arm-none-eabi/lib/armv6-m\libcr_c.a(_cr_check_heap.o)
 .bss           0x00000000        0x0 c:/nxp/lpcxpresso_7.0.2_102/lpcxpresso/tools/bin/../lib/gcc/arm-none-eabi/4.8.3/../../../../arm-none-eabi/lib/armv6-m\libcr_c.a(_cr_check_heap.o)
 .text.__check_heap_overflow
                0x00000000       0x2c c:/nxp/lpcxpresso_7.0.2_102/lpcxpresso/tools/bin/../lib/gcc/arm-none-eabi/4.8.3/../../../../arm-none-eabi/lib/armv6-m\libcr_c.a(_cr_check_heap.o)
 .comment       0x00000000       0x71 c:/nxp/lpcxpresso_7.0.2_102/lpcxpresso/tools/bin/../lib/gcc/arm-none-eabi/4.8.3/../../../../arm-none-eabi/lib/armv6-m\libcr_c.a(_cr_check_heap.o)
 .ARM.attributes
                0x00000000       0x31 c:/nxp/lpcxpresso_7.0.2_102/lpcxpresso/tools/bin/../lib/gcc/arm-none-eabi/4.8.3/../../../../arm-none-eabi/lib/armv6-m\libcr_c.a(_cr_check_heap.o)
 .text          0x00000000        0x0 c:/nxp/lpcxpresso_7.0.2_102/lpcxpresso/tools/bin/../lib/gcc/arm-none-eabi/4.8.3/armv6-m\libcr_eabihelpers.a(division_32.o)
 .data          0x00000000        0x0 c:/nxp/lpcxpresso_7.0.2_102/lpcxpresso/tools/bin/../lib/gcc/arm-none-eabi/4.8.3/armv6-m\libcr_eabihelpers.a(division_32.o)
 .bss           0x00000000        0x0 c:/nxp/lpcxpresso_7.0.2_102/lpcxpresso/tools/bin/../lib/gcc/arm-none-eabi/4.8.3/armv6-m\libcr_eabihelpers.a(division_32.o)
 .text          0x00000000        0x0 c:/nxp/lpcxpresso_7.0.2_102/lpcxpresso/tools/bin/../lib/gcc/arm-none-eabi/4.8.3/armv6-m\libcr_eabihelpers.a(division_idiv0.o)
 .data          0x00000000        0x0 c:/nxp/lpcxpresso_7.0.2_102/lpcxpresso/tools/bin/../lib/gcc/arm-none-eabi/4.8.3/armv6-m\libcr_eabihelpers.a(division_idiv0.o)
 .bss           0x00000000        0x0 c:/nxp/lpcxpresso_7.0.2_102/lpcxpresso/tools/bin/../lib/gcc/arm-none-eabi/4.8.3/armv6-m\libcr_eabihelpers.a(division_idiv0.o)
 .text          0x00000000        0x0 c:/nxp/lpcxpresso_7.0.2_102/lpcxpresso/tools/bin/../lib/gcc/arm-none-eabi/4.8.3/armv6-m\libcr_eabihelpers.a(memcpy.o)
 .data          0x00000000        0x0 c:/nxp/lpcxpresso_7.0.2_102/lpcxpresso/tools/bin/../lib/gcc/arm-none-eabi/4.8.3/armv6-m\libcr_eabihelpers.a(memcpy.o)
 .bss           0x00000000        0x0 c:/nxp/lpcxpresso_7.0.2_102/lpcxpresso/tools/bin/../lib/gcc/arm-none-eabi/4.8.3/armv6-m\libcr_eabihelpers.a(memcpy.o)
 .text.__aeabi_memcpy
                0x00000000       0x2c c:/nxp/lpcxpresso_7.0.2_102/lpcxpresso/tools/bin/../lib/gcc/arm-none-eabi/4.8.3/armv6-m\libcr_eabihelpers.a(memcpy.o)
 .text.__aeabi_memmove
                0x00000000       0x1c c:/nxp/lpcxpresso_7.0.2_102/lpcxpresso/tools/bin/../lib/gcc/arm-none-eabi/4.8.3/armv6-m\libcr_eabihelpers.a(memcpy.o)
 .text.__aeabi_memset_lowlevel
                0x00000000       0x2a c:/nxp/lpcxpresso_7.0.2_102/lpcxpresso/tools/bin/../lib/gcc/arm-none-eabi/4.8.3/armv6-m\libcr_eabihelpers.a(memcpy.o)
 .text.__aeabi_memclr
                0x00000000        0x6 c:/nxp/lpcxpresso_7.0.2_102/lpcxpresso/tools/bin/../lib/gcc/arm-none-eabi/4.8.3/armv6-m\libcr_eabihelpers.a(memcpy.o)
 .text.__aeabi_memset
                0x00000000        0x8 c:/nxp/lpcxpresso_7.0.2_102/lpcxpresso/tools/bin/../lib/gcc/arm-none-eabi/4.8.3/armv6-m\libcr_eabihelpers.a(memcpy.o)
 .ARM.attributes
                0x00000000       0x21 c:/nxp/lpcxpresso_7.0.2_102/lpcxpresso/tools/bin/../lib/gcc/arm-none-eabi/4.8.3/armv6-m\libcr_eabihelpers.a(memcpy.o)

Memory Configuration

Name             Origin             Length             Attributes
MFlash4          0x00000000         0x00001000         xr
RamLoc1          0x10000000         0x00000400         xrw
*default*        0x00000000         0xffffffff

Linker script and memory map

LOAD ./src/cr_startup_lpc8xx.o
LOAD ./src/crp.o
LOAD ./src/display.o
LOAD ./src/game.o
LOAD ./src/hardware.o
LOAD ./src/mtb.o
LOAD ./src/pong.o
LOAD ./src/tvout.o
LOAD C:\Users\Jacques\Documents\LPCXpresso_7.0.2_102\workspace\CMSIS_CORE_LPC8xx\Release\libCMSIS_CORE_LPC8xx.a
START GROUP
LOAD c:/nxp/lpcxpresso_7.0.2_102/lpcxpresso/tools/bin/../lib/gcc/arm-none-eabi/4.8.3/../../../../arm-none-eabi/lib/armv6-m\libcr_c.a
LOAD c:/nxp/lpcxpresso_7.0.2_102/lpcxpresso/tools/bin/../lib/gcc/arm-none-eabi/4.8.3/armv6-m\libcr_eabihelpers.a
END GROUP
                0x00001000                __top_MFlash4 = 0x1000
                0x10000400                __top_RamLoc1 = 0x10000400

.text           0x00000000      0xf14
 FILL mask 0xff
                0x00000000                __vectors_start__ = ABSOLUTE (.)
 *(.isr_vector)
 .isr_vector    0x00000000       0xc0 ./src/cr_startup_lpc8xx.o
                0x00000000                g_pfnVectors
                0x000000c0                . = ALIGN (0x4)
                0x000000c0                __section_table_start = .
                0x000000c0                __data_section_table = .
                0x000000c0        0x4 LONG 0xf14 LOADADDR (.data)
                0x000000c4        0x4 LONG 0x10000000 ADDR (.data)
                0x000000c8        0x4 LONG 0xe4 SIZEOF (.data)
                0x000000cc                __data_section_table_end = .
                0x000000cc                __bss_section_table = .
                0x000000cc        0x4 LONG 0x100000e4 ADDR (.bss)
                0x000000d0        0x4 LONG 0x1f0 SIZEOF (.bss)
                0x000000d4                __bss_section_table_end = .
                0x000000d4                __section_table_end = .
 *(.after_vectors*)
 .after_vectors
                0x000000d4       0xac ./src/cr_startup_lpc8xx.o
                0x000000d4                NMI_Handler
                0x000000d8                HardFault_Handler
                0x000000dc                SVC_Handler
                0x000000e0                PendSV_Handler
                0x000000e4                SysTick_Handler
                0x000000e8                PININT1_IRQHandler
                0x000000e8                PININT7_IRQHandler
                0x000000e8                PININT2_IRQHandler
                0x000000e8                WKT_IRQHandler
                0x000000e8                UART1_IRQHandler
                0x000000e8                UART0_IRQHandler
                0x000000e8                SPI0_IRQHandler
                0x000000e8                SPI1_IRQHandler
                0x000000e8                IntDefaultHandler
                0x000000e8                PININT6_IRQHandler
                0x000000e8                PININT3_IRQHandler
                0x000000e8                UART2_IRQHandler
                0x000000e8                PININT5_IRQHandler
                0x000000e8                PININT4_IRQHandler
                0x000000e8                PININT0_IRQHandler
                0x000000e8                BOD_IRQHandler
                0x000000e8                I2C_IRQHandler
                0x000000e8                WDT_IRQHandler
                0x000000e8                CMP_IRQHandler
                0x000000ec                ResetISR
                0x00000158                data_init
                0x0000016c                bss_init
 *(.text*)
 .text.write_score
                0x00000180       0x6c ./src/display.o
                0x00000180                write_score
 .text.plot     0x000001ec       0x58 ./src/display.o
                0x000001ec                plot
 .text.clear_screen
                0x00000244       0x18 ./src/display.o
                0x00000244                clear_screen
 .text.draw_paddle
                0x0000025c       0x6c ./src/game.o
                0x0000025c                draw_paddle
 .text.move_paddle
                0x000002c8       0x2c ./src/game.o
                0x000002c8                move_paddle
 .text.sound_miss
                0x000002f4       0x18 ./src/game.o
                0x000002f4                sound_miss
 .text.game_over
                0x0000030c       0x68 ./src/game.o
                0x0000030c                game_over
 .text.wait_service
                0x00000374       0x74 ./src/game.o
                0x00000374                wait_service
 .text.ball_missed
                0x000003e8       0xa0 ./src/game.o
                0x000003e8                ball_missed
 .text.move_ball
                0x00000488      0x138 ./src/game.o
                0x00000488                move_ball
 .text.initialize_pong_game
                0x000005c0       0xd8 ./src/game.o
                0x000005c0                initialize_pong_game
 .text.play_pong
                0x00000698       0x34 ./src/game.o
                0x00000698                play_pong
 .text.PWM_init
                0x000006cc      0x10c ./src/hardware.o
                0x000006cc                PWM_init
 .text.sysclock_init
                0x000007d8       0x78 ./src/hardware.o
                0x000007d8                sysclock_init
 .text.initialize_hardware
                0x00000850       0x9c ./src/hardware.o
                0x00000850                initialize_hardware
 .text.tone     0x000008ec       0x8c ./src/hardware.o
                0x000008ec                tone
 .text.play_tune
                0x00000978       0x94 ./src/hardware.o
                0x00000978                play_tune
 .text.MRT_IRQHandler
                0x00000a0c       0x38 ./src/hardware.o
                0x00000a0c                MRT_IRQHandler
 .text.read_pot
                0x00000a44       0xe8 ./src/hardware.o
                0x00000a44                read_pot
 .text.startup.main
                0x00000b2c       0x10 ./src/pong.o
                0x00000b2c                main
 .text.SCT_IRQHandler
                0x00000b3c       0xf8 ./src/tvout.o
                0x00000b3c                SCT_IRQHandler
 .text.frame_delay
                0x00000c34       0x24 ./src/tvout.o
                0x00000c34                frame_delay
 .text.frame_sync
                0x00000c58       0x10 ./src/tvout.o
                0x00000c58                frame_sync
 .text.SystemInit
                0x00000c68       0x40 C:\Users\Jacques\Documents\LPCXpresso_7.0.2_102\workspace\CMSIS_CORE_LPC8xx\Release\libCMSIS_CORE_LPC8xx.a(system_LPC8xx.o)
                0x00000c68                SystemInit
 .text.__weak_main
                0x00000ca8        0x8 c:/nxp/lpcxpresso_7.0.2_102/lpcxpresso/tools/bin/../lib/gcc/arm-none-eabi/4.8.3/../../../../arm-none-eabi/lib/armv6-m\libcr_c.a(__weak__main.o)
                0x00000ca8                __weak_main
                0x00000ca8                __main
 .text.rand     0x00000cb0       0x40 c:/nxp/lpcxpresso_7.0.2_102/lpcxpresso/tools/bin/../lib/gcc/arm-none-eabi/4.8.3/../../../../arm-none-eabi/lib/armv6-m\libcr_c.a(stdlib.o)
                0x00000cb0                rand
 .text.srand    0x00000cf0       0x3c c:/nxp/lpcxpresso_7.0.2_102/lpcxpresso/tools/bin/../lib/gcc/arm-none-eabi/4.8.3/../../../../arm-none-eabi/lib/armv6-m\libcr_c.a(stdlib.o)
                0x00000cf0                srand
 .text.__aeabi_division_idivmod
                0x00000d2c       0x78 c:/nxp/lpcxpresso_7.0.2_102/lpcxpresso/tools/bin/../lib/gcc/arm-none-eabi/4.8.3/armv6-m\libcr_eabihelpers.a(division_32.o)
                0x00000d2c                __aeabi_idivmod
                0x00000d2c                __aeabi_idiv
                0x00000d32                __aeabi_uidivmod
                0x00000d32                __aeabi_uidiv
 .text.__aeabi_division_idiv0
                0x00000da4        0x2 c:/nxp/lpcxpresso_7.0.2_102/lpcxpresso/tools/bin/../lib/gcc/arm-none-eabi/4.8.3/armv6-m\libcr_eabihelpers.a(division_idiv0.o)
                0x00000da4                __aeabi_idiv0
 *(.rodata .rodata.* .constdata .constdata.*)
 *fill*         0x00000da6        0x2 
 .rodata.digits
                0x00000da8       0x34 ./src/display.o
                0x00000da8                digits
 .rodata.WINNER
                0x00000ddc       0x80 ./src/game.o
                0x00000ddc                WINNER
 .rodata.gonna_fly_now
                0x00000e5c       0xb8 ./src/game.o
                0x00000e5c                gonna_fly_now
                0x00000f14                . = ALIGN (0x4)

.glue_7         0x00000f14        0x0
 .glue_7        0x00000000        0x0 linker stubs

.glue_7t        0x00000f14        0x0
 .glue_7t       0x00000000        0x0 linker stubs

.vfp11_veneer   0x00000f14        0x0
 .vfp11_veneer  0x00000000        0x0 linker stubs

.v4_bx          0x00000f14        0x0
 .v4_bx         0x00000000        0x0 linker stubs

.iplt           0x00000f14        0x0
 .iplt          0x00000000        0x0 ./src/cr_startup_lpc8xx.o

.rel.dyn        0x00000f14        0x0
 .rel.iplt      0x00000000        0x0 ./src/cr_startup_lpc8xx.o

.ARM.extab
 *(.ARM.extab* .gnu.linkonce.armextab.*)
                0x00000f14                __exidx_start = .

.ARM.exidx
 *(.ARM.exidx* .gnu.linkonce.armexidx.*)
                0x00000f14                __exidx_end = .
                0x00000f14                _etext = .

.mtb_buffer_default
 *(.mtb*)

.uninit_RESERVED
                0x10000000        0x0
 *(.bss.$RESERVED*)
                0x10000000                . = ALIGN (0x4)
                0x10000000                _end_uninit_RESERVED = .

.data           0x10000000       0xe4 load address 0x00000f14
 FILL mask 0xff
                0x10000000                _data = .
 *(vtable)
 *(.ramfunc*)
 *(.data*)
 .data._random_number_seed
                0x10000000       0xdc c:/nxp/lpcxpresso_7.0.2_102/lpcxpresso/tools/bin/../lib/gcc/arm-none-eabi/4.8.3/../../../../arm-none-eabi/lib/armv6-m\libcr_c.a(stdlib.o)
 .data._random_j
                0x100000dc        0x4 c:/nxp/lpcxpresso_7.0.2_102/lpcxpresso/tools/bin/../lib/gcc/arm-none-eabi/4.8.3/../../../../arm-none-eabi/lib/armv6-m\libcr_c.a(stdlib.o)
 .data._random_k
                0x100000e0        0x4 c:/nxp/lpcxpresso_7.0.2_102/lpcxpresso/tools/bin/../lib/gcc/arm-none-eabi/4.8.3/../../../../arm-none-eabi/lib/armv6-m\libcr_c.a(stdlib.o)
                0x100000e4                . = ALIGN (0x4)
                0x100000e4                _edata = .

.igot.plt       0x100000e4        0x0 load address 0x00000ff8
 .igot.plt      0x00000000        0x0 ./src/cr_startup_lpc8xx.o

.bss            0x100000e4      0x1f0 load address 0x00000ff8
                0x100000e4                _bss = .
 *(.bss*)
 .bss.winner    0x100000e4        0x1 ./src/game.o
                0x100000e4                winner
 *fill*         0x100000e5        0x3 
 .bss.tone_on   0x100000e8        0x4 ./src/hardware.o
                0x100000e8                tone_on
 .bss.frame_cntr
                0x100000ec        0x4 ./src/tvout.o
                0x100000ec                frame_cntr
 .bss.ln_cntr   0x100000f0        0x2 ./src/tvout.o
                0x100000f0                ln_cntr
 *(COMMON)
 *fill*         0x100000f2        0x2 
 COMMON         0x100000f4       0x20 ./src/game.o
                0x100000f4                running
                0x100000f5                server
                0x100000f8                score
                0x100000fc                paddle
                0x10000100                ball
 COMMON         0x10000114      0x1c0 ./src/tvout.o
                0x10000114                video_buffer
                0x100002d4                . = ALIGN (0x4)
                0x100002d4                _ebss = .
                0x100002d4                PROVIDE (end, .)

.noinit         0x100002d4        0x0 load address 0x00000ff8
                0x100002d4                _noinit = .
 *(.noinit*)
                0x100002d4                . = ALIGN (0x4)
                0x100002d4                _end_noinit = .
                0x100002d4                PROVIDE (_pvHeapStart, .)
                0x10000400                PROVIDE (_vStackTop, (__top_RamLoc1 - 0x0))
OUTPUT(pong.axf elf32-littlearm)

.debug_info     0x00000000     0x2a54
 .debug_info    0x00000000      0x2f8 ./src/cr_startup_lpc8xx.o
 .debug_info    0x000002f8      0x1a4 ./src/display.o
 .debug_info    0x0000049c      0x74d ./src/game.o
 .debug_info    0x00000be9     0x11c8 ./src/hardware.o
 .debug_info    0x00001db1       0xcb ./src/pong.o
 .debug_info    0x00001e7c      0x7c7 ./src/tvout.o
 .debug_info    0x00002643      0x411 C:\Users\Jacques\Documents\LPCXpresso_7.0.2_102\workspace\CMSIS_CORE_LPC8xx\Release\libCMSIS_CORE_LPC8xx.a(system_LPC8xx.o)

.debug_abbrev   0x00000000      0xa92
 .debug_abbrev  0x00000000      0x160 ./src/cr_startup_lpc8xx.o
 .debug_abbrev  0x00000160       0xfd ./src/display.o
 .debug_abbrev  0x0000025d      0x23c ./src/game.o
 .debug_abbrev  0x00000499      0x31e ./src/hardware.o
 .debug_abbrev  0x000007b7       0x76 ./src/pong.o
 .debug_abbrev  0x0000082d      0x182 ./src/tvout.o
 .debug_abbrev  0x000009af       0xe3 C:\Users\Jacques\Documents\LPCXpresso_7.0.2_102\workspace\CMSIS_CORE_LPC8xx\Release\libCMSIS_CORE_LPC8xx.a(system_LPC8xx.o)

.debug_loc      0x00000000      0xcf1
 .debug_loc     0x00000000      0x2ba ./src/cr_startup_lpc8xx.o
 .debug_loc     0x000002ba      0x36a ./src/display.o
 .debug_loc     0x00000624      0x24c ./src/game.o
 .debug_loc     0x00000870      0x3a1 ./src/hardware.o
 .debug_loc     0x00000c11       0x6d ./src/tvout.o
 .debug_loc     0x00000c7e       0x73 C:\Users\Jacques\Documents\LPCXpresso_7.0.2_102\workspace\CMSIS_CORE_LPC8xx\Release\libCMSIS_CORE_LPC8xx.a(system_LPC8xx.o)

.debug_aranges  0x00000000      0x1e0
 .debug_aranges
                0x00000000       0x60 ./src/cr_startup_lpc8xx.o
 .debug_aranges
                0x00000060       0x30 ./src/display.o
 .debug_aranges
                0x00000090       0x68 ./src/game.o
 .debug_aranges
                0x000000f8       0x70 ./src/hardware.o
 .debug_aranges
                0x00000168       0x20 ./src/pong.o
 .debug_aranges
                0x00000188       0x30 ./src/tvout.o
 .debug_aranges
                0x000001b8       0x28 C:\Users\Jacques\Documents\LPCXpresso_7.0.2_102\workspace\CMSIS_CORE_LPC8xx\Release\libCMSIS_CORE_LPC8xx.a(system_LPC8xx.o)

.debug_ranges   0x00000000      0x268
 .debug_ranges  0x00000000       0x68 ./src/cr_startup_lpc8xx.o
 .debug_ranges  0x00000068       0x20 ./src/display.o
 .debug_ranges  0x00000088       0x58 ./src/game.o
 .debug_ranges  0x000000e0      0x140 ./src/hardware.o
 .debug_ranges  0x00000220       0x10 ./src/pong.o
 .debug_ranges  0x00000230       0x20 ./src/tvout.o
 .debug_ranges  0x00000250       0x18 C:\Users\Jacques\Documents\LPCXpresso_7.0.2_102\workspace\CMSIS_CORE_LPC8xx\Release\libCMSIS_CORE_LPC8xx.a(system_LPC8xx.o)

.debug_line     0x00000000      0xa1e
 .debug_line    0x00000000       0x9c ./src/cr_startup_lpc8xx.o
 .debug_line    0x0000009c       0xb6 ./src/display.o
 .debug_line    0x00000152      0x2a1 ./src/game.o
 .debug_line    0x000003f3      0x345 ./src/hardware.o
 .debug_line    0x00000738       0x60 ./src/pong.o
 .debug_line    0x00000798      0x15b ./src/tvout.o
 .debug_line    0x000008f3      0x12b C:\Users\Jacques\Documents\LPCXpresso_7.0.2_102\workspace\CMSIS_CORE_LPC8xx\Release\libCMSIS_CORE_LPC8xx.a(system_LPC8xx.o)

.debug_str      0x00000000      0xd50
 .debug_str     0x00000000      0x23d ./src/cr_startup_lpc8xx.o
                                0x250 (size before relaxing)
 .debug_str     0x0000023d       0xb3 ./src/display.o
                                0x1dc (size before relaxing)
 .debug_str     0x000002f0      0x134 ./src/game.o
                                0x2fe (size before relaxing)
 .debug_str     0x00000424      0x7ad ./src/hardware.o
                                0x965 (size before relaxing)
 .debug_str     0x00000bd1        0xe ./src/pong.o
                                0x1bb (size before relaxing)
 .debug_str     0x00000bdf       0x2c ./src/tvout.o
                                0x3e7 (size before relaxing)
 .debug_str     0x00000c0b      0x145 C:\Users\Jacques\Documents\LPCXpresso_7.0.2_102\workspace\CMSIS_CORE_LPC8xx\Release\libCMSIS_CORE_LPC8xx.a(system_LPC8xx.o)
                                0x3ee (size before relaxing)

.comment        0x00000000       0x70
 .comment       0x00000000       0x70 ./src/cr_startup_lpc8xx.o
                                 0x71 (size before relaxing)
 .comment       0x00000000       0x71 ./src/display.o
 .comment       0x00000000       0x71 ./src/game.o
 .comment       0x00000000       0x71 ./src/hardware.o
 .comment       0x00000000       0x71 ./src/pong.o
 .comment       0x00000000       0x71 ./src/tvout.o
 .comment       0x00000000       0x71 C:\Users\Jacques\Documents\LPCXpresso_7.0.2_102\workspace\CMSIS_CORE_LPC8xx\Release\libCMSIS_CORE_LPC8xx.a(system_LPC8xx.o)
 .comment       0x00000000       0x71 c:/nxp/lpcxpresso_7.0.2_102/lpcxpresso/tools/bin/../lib/gcc/arm-none-eabi/4.8.3/../../../../arm-none-eabi/lib/armv6-m\libcr_c.a(__weak__main.o)
 .comment       0x00000000       0x71 c:/nxp/lpcxpresso_7.0.2_102/lpcxpresso/tools/bin/../lib/gcc/arm-none-eabi/4.8.3/../../../../arm-none-eabi/lib/armv6-m\libcr_c.a(stdlib.o)

.ARM.attributes
                0x00000000       0x2f
 .ARM.attributes
                0x00000000       0x31 ./src/cr_startup_lpc8xx.o
 .ARM.attributes
                0x00000031       0x31 ./src/display.o
 .ARM.attributes
                0x00000062       0x31 ./src/game.o
 .ARM.attributes
                0x00000093       0x31 ./src/hardware.o
 .ARM.attributes
                0x000000c4       0x31 ./src/pong.o
 .ARM.attributes
                0x000000f5       0x31 ./src/tvout.o
 .ARM.attributes
                0x00000126       0x31 C:\Users\Jacques\Documents\LPCXpresso_7.0.2_102\workspace\CMSIS_CORE_LPC8xx\Release\libCMSIS_CORE_LPC8xx.a(system_LPC8xx.o)
 .ARM.attributes
                0x00000157       0x31 c:/nxp/lpcxpresso_7.0.2_102/lpcxpresso/tools/bin/../lib/gcc/arm-none-eabi/4.8.3/../../../../arm-none-eabi/lib/armv6-m\libcr_c.a(__weak__main.o)
 .ARM.attributes
                0x00000188       0x31 c:/nxp/lpcxpresso_7.0.2_102/lpcxpresso/tools/bin/../lib/gcc/arm-none-eabi/4.8.3/../../../../arm-none-eabi/lib/armv6-m\libcr_c.a(stdlib.o)
 .ARM.attributes
                0x000001b9       0x21 c:/nxp/lpcxpresso_7.0.2_102/lpcxpresso/tools/bin/../lib/gcc/arm-none-eabi/4.8.3/armv6-m\libcr_eabihelpers.a(division_32.o)
 .ARM.attributes
                0x000001da       0x21 c:/nxp/lpcxpresso_7.0.2_102/lpcxpresso/tools/bin/../lib/gcc/arm-none-eabi/4.8.3/armv6-m\libcr_eabihelpers.a(division_idiv0.o)

.debug_frame    0x00000000      0x488
 .debug_frame   0x00000000       0xbc ./src/cr_startup_lpc8xx.o
 .debug_frame   0x000000bc       0x6c ./src/display.o
 .debug_frame   0x00000128      0x160 ./src/game.o
 .debug_frame   0x00000288      0x13c ./src/hardware.o
 .debug_frame   0x000003c4       0x2c ./src/pong.o
 .debug_frame   0x000003f0       0x5c ./src/tvout.o
 .debug_frame   0x0000044c       0x3c C:\Users\Jacques\Documents\LPCXpresso_7.0.2_102\workspace\CMSIS_CORE_LPC8xx\Release\libCMSIS_CORE_LPC8xx.a(system_LPC8xx.o)
